// Vitest Snapshot v1, https://vitest.dev/guide/snapshot.html

exports[`EditTaskBox.vue > matches the snapshot 1`] = `
"<v-dialog model-value="false" max-width="500">
  <v-card>
    <v-card-title><span class="text-h6">Edit Task</span></v-card-title>
    <v-card-text>
      <v-form>
        <v-text-field modelvalue="Test Task" label="Title" outlined="" dense=""></v-text-field>
        <v-textarea modelvalue="Test Description" label="Description" outlined="" dense=""></v-textarea>
        <v-text-field modelvalue="2023-12-31" label="Due Date" type="date" outlined="" dense=""></v-text-field>
        <v-select modelvalue="High" items="High,Medium,Low" label="Priority" outlined="" dense=""></v-select>
      </v-form>
    </v-card-text>
    <v-divider></v-divider>
    <v-card-actions>
      <v-btn color="error">Delete</v-btn>
      <v-spacer></v-spacer>
      <v-btn color="success">Save Changes</v-btn>
    </v-card-actions>
  </v-card>
</v-dialog>"
`;
