// Vitest Snapshot v1, https://vitest.dev/guide/snapshot.html

exports[`Footer.vue > renders correctly and matches snapshot 1`] = `
"<footer>
  <p>Made with love in Berlin</p>
</footer>"
`;
